#-----------------------------------------------------------
# Vivado v2019.2 (64-bit)
# SW Build 2708876 on Wed Nov  6 21:40:23 MST 2019
# IP Build 2700528 on Thu Nov  7 00:09:20 MST 2019
# Start of session at: Sat Apr 30 17:09:53 2022
# Process ID: 15828
# Current directory: D:/Engineering/Projekty/FPGA/Xilinx/Zynq7010_qmtech/Zynq7010_qmtech.runs/accelerator_bd_processing_system7_0_0_synth_1
# Command line: vivado.exe -log accelerator_bd_processing_system7_0_0.vds -product Vivado -mode batch -messageDb vivado.pb -notrace -source accelerator_bd_processing_system7_0_0.tcl
# Log file: D:/Engineering/Projekty/FPGA/Xilinx/Zynq7010_qmtech/Zynq7010_qmtech.runs/accelerator_bd_processing_system7_0_0_synth_1/accelerator_bd_processing_system7_0_0.vds
# Journal file: D:/Engineering/Projekty/FPGA/Xilinx/Zynq7010_qmtech/Zynq7010_qmtech.runs/accelerator_bd_processing_system7_0_0_synth_1\vivado.jou
#-----------------------------------------------------------
source accelerator_bd_processing_system7_0_0.tcl -notrace
